<html>
<body>
<pre>
<h1>µVision Build Log</h1>
<h2>Tool Versions:</h2>
IDE-Version: ¦ÌVision V5.25.2.0
Copyright (C) 2018 ARM Ltd and ARM Germany GmbH. All rights reserved.
License Information: naoh aw765014500@126, Hewlett-Packard, LIC=----
 
Tool Versions:
Toolchain:       MDK-Lite  Version: 5.25.2.0
Toolchain Path:  D:\Courses\SmartCar\Path\3.Keil 5\ARM\ARMCC\Bin
C Compiler:      Armcc.exe V5.06 update 6 (build 750)
Assembler:       Armasm.exe V5.06 update 6 (build 750)
Linker/Locator:  ArmLink.exe V5.06 update 6 (build 750)
Library Manager: ArmAr.exe V5.06 update 6 (build 750)
Hex Converter:   FromElf.exe V5.06 update 6 (build 750)
CPU DLL:         SARMCM3.DLL V5.25.2.0
Dialog DLL:      DCM.DLL V1.17.1.0
Target DLL:      STLink\ST-LINKIII-KEIL_SWO.dll V3.0.1.0
Dialog DLL:      TCM.DLL V1.35.1.0
 
<h2>Project:</h2>
D:\Project\Lock\exp4_local_pswd_lock\MDK-ARM\exp4_local_pswd_lock.uvprojx
Project File Date:  07/17/2019

<h2>Output:</h2>
*** Using Compiler 'V5.06 update 6 (build 750)', folder: 'D:\Courses\SmartCar\Path\3.Keil 5\ARM\ARMCC\Bin'
Rebuild target 'exp4_local_pswd_lock'
assembling startup_stm32f103xe.s...
compiling OLED.c...
compiling stm32f1xx_it.c...
compiling keyboard.c...
compiling main.c...
../Src/main.c(80): warning:  #1295-D: Deprecated declaration str2int - give arg types
  int str2int();
../Src/main.c(132): warning:  #167-D: argument of type "char *" is incompatible with parameter of type "uint8_t *"
  		HAL_UART_Transmit(&huart4,rxbuf,strlen(rxbuf),100);
../Src/main.c(146): warning:  #167-D: argument of type "char *" is incompatible with parameter of type "uint8_t *"
  	HAL_UART_Receive_IT(&huart4,uart_rxbuf,1);
../Src/main.c(446): warning:  #940-D: missing return statement at end of non-void function "time" 
  }
../Src/main.c(462): warning:  #167-D: argument of type "char *" is incompatible with parameter of type "unsigned char *"
  	OLED_ShowStr(0,0,datebuf,CODE8X16);
../Src/main.c(463): warning:  #167-D: argument of type "char *" is incompatible with parameter of type "unsigned char *"
  	OLED_ShowStr(0,16,timebuf,CODE8X16);
../Src/main.c(467): warning:  #940-D: missing return statement at end of non-void function "main_menu_flash" 
  }
../Src/main.c(473): warning:  #167-D: argument of type "char *" is incompatible with parameter of type "unsigned char *"
  	OLED_ShowStr(0,32,starbuf,CODE8X16);
../Src/main.c(475): warning:  #940-D: missing return statement at end of non-void function "password_flash" 
  }
../Src/main.c(483): warning:  #940-D: missing return statement at end of non-void function "locked_flash" 
  }
../Src/main.c(489): warning:  #167-D: argument of type "char *" is incompatible with parameter of type "unsigned char *"
  	OLED_ShowStr(0,16,tipsbuf,CODE8X16);
../Src/main.c(504): warning:  #940-D: missing return statement at end of non-void function "tips_flash" 
  }
../Src/main.c(546): warning:  #167-D: argument of type "char *" is incompatible with parameter of type "uint8_t *"
  	HAL_UART_Receive_IT(&huart4,uart_rxbuf,1);
../Src/main.c: 13 warnings, 0 errors
compiling stm32f1xx_hal_gpio_ex.c...
compiling stm32f1xx_hal_msp.c...
compiling stm32f1xx_hal_tim.c...
compiling stm32f1xx_hal_i2c.c...
compiling stm32f1xx_hal_tim_ex.c...
compiling stm32f1xx_hal_uart.c...
compiling stm32f1xx_hal.c...
compiling stm32f1xx_hal_rcc.c...
compiling stm32f1xx_hal_rcc_ex.c...
compiling stm32f1xx_hal_gpio.c...
compiling stm32f1xx_hal_dma.c...
compiling stm32f1xx_hal_cortex.c...
compiling stm32f1xx_hal_pwr.c...
compiling stm32f1xx_hal_flash.c...
compiling system_stm32f1xx.c...
compiling stm32f1xx_hal_flash_ex.c...
linking...
Program Size: Code=12204 RO-data=2432 RW-data=92 ZI-data=2572  
FromELF: creating hex file...
"exp4_local_pswd_lock\exp4_local_pswd_lock.axf" - 0 Error(s), 13 Warning(s).

<h2>Software Packages used:</h2>

Package Vendor: ARM
                http://www.keil.com/pack/ARM.CMSIS.5.3.0.pack
                ARM.CMSIS.5.3.0
                CMSIS (Cortex Microcontroller Software Interface Standard)
   * Component: CORE Version: 5.1.1

Package Vendor: Keil
                http://www.keil.com/pack/Keil.STM32F1xx_DFP.2.2.0.pack
                Keil.STM32F1xx_DFP.2.2.0
                STMicroelectronics STM32F1 Series Device Support, Drivers and Examples

<h2>Collection of Component include folders:</h2>
  .\RTE\_exp4_local_pswd_lock
  D:\Courses\SmartCar\Path\3.Keil 5\ARM\PACK\ARM\CMSIS\5.3.0\CMSIS\Include
  D:\Courses\SmartCar\Path\3.Keil 5\ARM\PACK\Keil\STM32F1xx_DFP\2.2.0\Device\Include

<h2>Collection of Component Files used:</h2>

   * Component: ARM::CMSIS:CORE:5.1.1
Build Time Elapsed:  00:00:11
</pre>
</body>
</html>
